USERNAME                       CREATED                                          
------------------------------ ---------                                        
ANONYMOUS                      27-FEB-04                                        
BRIO                           22-APR-04                                        
CALMAS                         22-APR-04                                        
CBO                            22-APR-04                                        
COMMON                         22-APR-04                                        
CONFIGMAN                      22-APR-04                                        
DBLINK                         22-APR-04                                        
GEMS                           22-APR-04                                        
GTS                            22-APR-04                                        
INDIAN                         22-APR-04                                        
INTRANET                       22-APR-04                                        
ISTORE                         22-APR-04                                        
ISTOREWEB                      22-APR-04                                        
MIGRANT                        22-APR-04                                        
OGCM                           22-APR-04                                        
PERS                           22-APR-04                                        
REQ                            22-APR-04                                        
SCSEP                          22-APR-04                                        
TITLE3                         22-APR-04                                        
TITLEII                        22-APR-04                                        
TITLEIII                       22-APR-04                                        
WAIVERS                        22-APR-04                                        
WIA                            22-APR-04                                        
WIARPT                         22-APR-04                                        
WTW                            22-APR-04                                        
ODEP                           23-APR-04                                        
GRANTS                         29-JUL-04                                        
ACCOUNTS                       19-AUG-04                                        
DRVS                           22-SEP-04                                        
BRIOV8                         02-FEB-05                                        
JOBCORP                        02-MAR-05                                        
KEYTITLEIII                    13-APR-05                                        
CLOSEOUT                       14-OCT-05                                        
WAIVERS_BETA                   29-NOV-05                                        
PRI                            09-JAN-06                                        
NEG3                           27-FEB-06                                        
TAA                            22-MAY-06                                        
PAPILOT                        23-MAY-06                                        
EGRANTS_GEMS                   31-MAY-06                                        
TMPERS                         16-JUN-06                                        
GRANTSGEMS                     20-JUN-06                                        
SPARQ                          02-OCT-06                                        
JFAS                           15-NOV-06                                        
EGRANTS                        25-NOV-06                                        
TITLEXII                       13-FEB-07                                        
SUPPORT                        16-AUG-07                                        
BENE_CHOICE                    12-OCT-07                                        
YOUTHBUILD                     18-OCT-07                                        
NEG5                           21-NOV-07                                        
BIZFLOWUSERID                  24-FEB-08                                        
HGCB                           11-JUL-08                                        
CRIS                           26-SEP-08                                        
OWB_DW                         06-OCT-08                                        
LWTA                           24-JUL-09                                        
EGRANT_BV_USER                 02-SEP-09                                        
EGRANTS_BV_USER                19-JAN-10                                        
RAD                            25-JUN-10                                        
